
> edhwi-project@0.0.0 build
> vite build

[36mvite v4.5.14 [32mbuilding for production...[36m[39m
transforming...
npm : DEPRECATION WARNING 
[legacy-js-api]: The 
legacy JS API is 
deprecated and will be 
removed in Dart Sass 2.0.0.
At line:1 char:1
+ npm run build > 
build_output.txt 2>&1
+ ~~~~~~~~~~~~~~~~~~~~~~~~~
~~~~~~~~~~~~
    + CategoryInfo         
     : NotSpecified: (DEP  
  RECATION WAR...art Sas   
 s 2.0.0.:String) [], R    
emoteException
    + FullyQualifiedErrorI 
   d : NativeCommandError
 

More info: https://sass-lan
g.com/d/legacy-js-api

DEPRECATION WARNING 
[legacy-js-api]: The 
legacy JS API is 
deprecated and will be 
removed in Dart Sass 2.0.0.

More info: https://sass-lan
g.com/d/legacy-js-api

DEPRECATION WARNING 
[legacy-js-api]: The 
legacy JS API is 
deprecated and will be 
removed in Dart Sass 2.0.0.

More info: https://sass-lan
g.com/d/legacy-js-api

DEPRECATION WARNING 
[legacy-js-api]: The 
legacy JS API is 
deprecated and will be 
removed in Dart Sass 2.0.0.

More info: https://sass-lan
g.com/d/legacy-js-api

DEPRECATION WARNING 
[legacy-js-api]: The 
legacy JS API is 
deprecated and will be 
removed in Dart Sass 2.0.0.

More info: https://sass-lan
g.com/d/legacy-js-api

DEPRECATION WARNING 
[legacy-js-api]: The 
legacy JS API is 
deprecated and will be 
removed in Dart Sass 2.0.0.

More info: https://sass-lan
g.com/d/legacy-js-api

DEPRECATION WARNING 
[legacy-js-api]: The 
legacy JS API is 
deprecated and will be 
removed in Dart Sass 2.0.0.

More info: https://sass-lan
g.com/d/legacy-js-api

DEPRECATION WARNING 
[legacy-js-api]: The 
legacy JS API is 
deprecated and will be 
removed in Dart Sass 2.0.0.

More info: https://sass-lan
g.com/d/legacy-js-api

DEPRECATION WARNING 
[legacy-js-api]: The 
legacy JS API is 
deprecated and will be 
removed in Dart Sass 2.0.0.

More info: https://sass-lan
g.com/d/legacy-js-api

DEPRECATION WARNING 
[legacy-js-api]: The 
legacy JS API is 
deprecated and will be 
removed in Dart Sass 2.0.0.

More info: https://sass-lan
g.com/d/legacy-js-api

DEPRECATION WARNING 
[legacy-js-api]: The 
legacy JS API is 
deprecated and will be 
removed in Dart Sass 2.0.0.

More info: https://sass-lan
g.com/d/legacy-js-api

DEPRECATION WARNING 
[legacy-js-api]: The 
legacy JS API is 
deprecated and will be 
removed in Dart Sass 2.0.0.

More info: https://sass-lan
g.com/d/legacy-js-api

[32mΓ£ô[39m 97 modules transformed.
[32mΓ£ô built in 2.18s[39m
[31mCould not resolve "../
../../redux/slices/orderSli
ce" from "src/components/My
Account/Overview.jsx"[39m
file: [36mD:/MetaWorks/Edh
wi_23_02_Feb/Edhwi-project/
src/components/MyAccount/Ov
erview.jsx[39m
[31merror during build:
RollupError: Could not 
resolve "../../../redux/sli
ces/orderSlice" from "src/c
omponents/MyAccount/Overvie
w.jsx"
    at error (file:///D:/Me
taWorks/Edhwi_23_02_Feb/Edh
wi-project/node_modules/rol
lup/dist/es/shared/node-ent
ry.js:2287:30)
    at ModuleLoader.handleI
nvalidResolvedId (file:///D
:/MetaWorks/Edhwi_23_02_Feb
/Edhwi-project/node_modules
/rollup/dist/es/shared/node
-entry.js:24889:24)
    at file:///D:/MetaWorks
/Edhwi_23_02_Feb/Edhwi-proj
ect/node_modules/rollup/dis
t/es/shared/node-entry.js:2
4851:26[39m
